This is XeTeX, Version 3.141592653-2.6-0.999998 (TeX Live 2026) (preloaded format=xelatex 2026.9.20)  21 SEP 2026 01:50
entering extended mode
 restricted \write18 enabled.
 %&-line parsing enabled.
**main.tex
(./main.tex
LaTeX2e <2026-06-01>
L3 programming layer <2026-08-10>
(./abntex2-IFC.cls
Document Class: abntex2-IFC 10/07/2016 Modelo do IFC baseado em abnTeX2
(./abntex2/abntex2.cls
Document Class: abntex2/abntex2 2013/10/26 v1.9 abnTeX2
(/usr/local/texlive/2026/texmf-dist/tex/latex/base/ifthen.sty
Package: ifthen 2024/03/16 v1.1e Standard LaTeX ifthen package (DPC)
)
(/usr/local/texlive/2026/texmf-dist/tex/latex/memoir/memoir.cls
Document Class: memoir 2025/11/04 v3.8.4b configurable book, report, article do
cument class
(/usr/local/texlive/2026/texmf-dist/tex/latex/xpatch/xpatch.sty
(/usr/local/texlive/2026/texmf-dist/tex/latex/l3kernel/expl3.sty
Package: expl3 2026-08-10 L3 programming layer (loader) 

(/usr/local/texlive/2026/texmf-dist/tex/latex/l3kernel/l3backend-xetex.def
File: l3backend-xetex.def 2026-08-10 L3 backend support: XeTeX
\g__graphics_track_int=\count273
\g__pdfannot_backend_int=\count274
\g__pdfannot_backend_link_int=\count275
))
Package: xpatch 2020/03/25 v0.3a Extending etoolbox patching commands

(/usr/local/texlive/2026/texmf-dist/tex/latex/l3packages/xparse/xparse.sty
Package: xparse 2025-10-09 L3 Experimental document command parser
)
(/usr/local/texlive/2026/texmf-dist/tex/latex/etoolbox/etoolbox.sty
Package: etoolbox 2025/10/02 v2.5m e-TeX tools for LaTeX (JAW)
\etb@tempcnta=\count276
))
\onelineskip=\skip49
\lxvchars=\skip50
\xlvchars=\skip51
\@memcnta=\count277
\c@@memmarkcntra=\count278

(/usr/local/texlive/2026/texmf-dist/tex/generic/iftex/iftex.sty
Package: iftex 2024/12/12 v1.0g TeX engine tests
)
\trimtop=\skip52
\trimedge=\skip53

(/usr/local/texlive/2026/texmf-dist/tex/latex/memoir/mem12.clo
File: mem12.clo 2022/07/29 v0.5 memoir class 12pt size option
)
\binding=\skip54
\spinemargin=\skip55
\foremargin=\skip56
\uppermargin=\skip57
\lowermargin=\skip58
\headdrop=\skip59
\normalrulethickness=\skip60
\mem@maxheadheight=\skip61
\mem@maxfootheight=\skip62
\headwidth=\skip63
\c@storedpagenumber=\count279
\memPD=\dimen150
\m@mabparskip=\skip64
\thanksmarkwidth=\skip65
\thanksmarksep=\skip66
\droptitle=\skip67
\c@book=\count280
\c@part=\count281
\c@chapter=\count282
\c@section=\count283
\c@subsection=\count284
\c@subsubsection=\count285
\c@paragraph=\count286
\c@subparagraph=\count287
\beforechapskip=\skip68
\midchapskip=\skip69
\afterchapskip=\skip70
\chapindent=\skip71
\bottomsectionskip=\skip72
\secindent=\skip73
\beforesecskip=\skip74
\aftersecskip=\skip75
\subsecindent=\skip76
\beforesubsecskip=\skip77
\aftersubsecskip=\skip78
\subsubsecindent=\skip79
\beforesubsubsecskip=\skip80
\aftersubsubsecskip=\skip81
\paraindent=\skip82
\beforeparaskip=\skip83
\afterparaskip=\skip84
\subparaindent=\skip85
\beforesubparaskip=\skip86
\aftersubparaskip=\skip87
\pfbreakskip=\skip88
\c@@ppsavesec=\count288
\c@@ppsaveapp=\count289
\ragrparindent=\dimen151
\everylistparindent=\dimen152
\parsepi=\skip89
\topsepi=\skip90
\itemsepi=\skip91
\parsepii=\skip92
\topsepii=\skip93
\topsepiii=\skip94
\itemsepii=\skip95
\itemsepiii=\skip96
\partopsepii=\skip97
\partopsepiii=\skip98
\m@msavetopsep=\skip99
\m@msavepartopsep=\skip100
\@enLab=\toks17
\abstitleskip=\skip101
\absleftindent=\skip102
\abs@leftindent=\dimen153
\absrightindent=\skip103
\absparindent=\skip104
\absparsep=\skip105
\c@vslineno=\count290
\c@poemline=\count291
\c@modulo@vs=\count292
\c@memfvsline=\count293
\vleftskip=\skip106
\vrightskip=\skip107
\stanzaskip=\skip108
\versewidth=\skip109
\vgap=\skip110
\vindent=\skip111
\vleftmargin=\dimen154
\c@verse=\count294
\c@chrsinstr=\count295
\beforepoemtitleskip=\skip112
\afterpoemtitleskip=\skip113
\c@poem=\count296
\beforePoemTitleskip=\skip114
\midPoemTitleskip=\skip115
\afterPoemTitleskip=\skip116

(/usr/local/texlive/2026/texmf-dist/tex/latex/tools/array.sty
Package: array 2026/02/24 v2.7b Tabular extension package (FMi)
\col@sep=\dimen155
\ar@mcellbox=\box53
\extrarowheight=\dimen156
\NC@list=\toks18
\extratabsurround=\skip117
\backup@length=\skip118
\ar@cellbox=\box54
)
(/usr/local/texlive/2026/texmf-dist/tex/latex/tools/dcolumn.sty
Package: dcolumn 2025/10/21 v1.06 decimal alignment package (DPC)
)
(/usr/local/texlive/2026/texmf-dist/tex/latex/tools/delarray.sty
Package: delarray 2014/10/28 v1.01 array delimiter package (DPC)
)
(/usr/local/texlive/2026/texmf-dist/tex/latex/tools/tabularx.sty
Package: tabularx 2023/12/11 v2.12a `tabularx' package (DPC)
\TX@col@width=\dimen157
\TX@old@table=\dimen158
\TX@old@col=\dimen159
\TX@target=\dimen160
\TX@delta=\dimen161
\TX@cols=\count297
\TX@ftn=\toks19
)
(/usr/local/texlive/2026/texmf-dist/tex/latex/booktabs/booktabs.sty
Package: booktabs 2020/01/12 v1.61803398 Publication quality tables
\heavyrulewidth=\dimen162
\lightrulewidth=\dimen163
\cmidrulewidth=\dimen164
\belowrulesep=\dimen165
\belowbottomsep=\dimen166
\aboverulesep=\dimen167
\abovetopsep=\dimen168
\cmidrulesep=\dimen169
\cmidrulekern=\dimen170
\defaultaddspace=\dimen171
\@cmidla=\count298
\@cmidlb=\count299
\@aboverulesep=\dimen172
\@belowrulesep=\dimen173
\@thisruleclass=\count300
\@lastruleclass=\count301
\@thisrulewidth=\dimen174
)
\ctableftskip=\skip119
\ctabrightskip=\skip120
\abovecolumnspenalty=\count302
\@linestogo=\count303
\@cellstogo=\count304
\@cellsincolumn=\count305
\crtok=\toks20
\@mincolumnwidth=\dimen175
\c@newflo@tctr=\count306
\mem@margin@floatbox=\box55
\@contcwidth=\skip121
\@contindw=\skip122
\abovecaptionskip=\skip123
\belowcaptionskip=\skip124
\subfloattopskip=\skip125
\subfloatcapskip=\skip126
\subfloatcaptopadj=\skip127
\subfloatbottomskip=\skip128
\subfloatlabelskip=\skip129
\subfloatcapmargin=\dimen176
\c@@contsubnum=\count307
\m@mscap@capbox=\box56
\m@mscap@fbox=\box57
\sidecapsep=\dimen177
\sidecapwidth=\dimen178
\m@m@tempdima=\dimen179
\m@mscapraise=\dimen180
\sidecapraise=\dimen181
\m@mscapmainwidth=\dimen182
\m@mscaplkern=\dimen183
\beforeepigraphskip=\skip130
\afterepigraphskip=\skip131
\epigraphwidth=\skip132
\epigraphrule=\skip133

(/usr/local/texlive/2026/texmf-dist/tex/latex/hyperref/nameref.sty
Package: nameref 2026-01-29 v2.58 Cross-referencing by name of section

(/usr/local/texlive/2026/texmf-dist/tex/latex/refcount/refcount.sty
Package: refcount 2019/12/15 v3.6 Data extraction from label references (HO)

(/usr/local/texlive/2026/texmf-dist/tex/generic/ltxcmds/ltxcmds.sty
Package: ltxcmds 2023-12-04 v1.26 LaTeX kernel commands for general use (HO)
)
(/usr/local/texlive/2026/texmf-dist/tex/generic/infwarerr/infwarerr.sty
Package: infwarerr 2019/12/03 v1.5 Providing info/warning/error messages (HO)
))
(/usr/local/texlive/2026/texmf-dist/tex/generic/gettitlestring/gettitlestring.s
ty
Package: gettitlestring 2019/12/15 v1.6 Cleanup title references (HO)
 (/usr/local/texlive/2026/texmf-dist/tex/latex/kvoptions/kvoptions.sty
Package: kvoptions 2022-06-15 v3.15 Key value format for package options (HO)

(/usr/local/texlive/2026/texmf-dist/tex/latex/graphics/keyval.sty
Package: keyval 2026-05-17 v1.15 key=value parser (DPC)
\KV@toks@=\toks21
)
(/usr/local/texlive/2026/texmf-dist/tex/latex/kvsetkeys/kvsetkeys.sty
Package: kvsetkeys 2022-10-05 v1.19 Key value parser (HO)
)))
\c@section@level=\count308
)
\tocentryskip=\skip134
\tocbaseline=\skip135
\cftparskip=\skip136
\cftbeforebookskip=\skip137
\cftbookindent=\dimen184
\cftbooknumwidth=\dimen185
\cftbeforepartskip=\skip138
\cftpartindent=\skip139
\cftpartnumwidth=\skip140
\cftbeforechapterskip=\skip141
\cftchapterindent=\skip142
\cftchapternumwidth=\skip143
\cftbeforesectionskip=\skip144
\cftsectionindent=\skip145
\cftsectionnumwidth=\skip146
\cftbeforesubsectionskip=\skip147
\cftsubsectionindent=\skip148
\cftsubsectionnumwidth=\skip149
\cftbeforesubsubsectionskip=\skip150
\cftsubsubsectionindent=\skip151
\cftsubsubsectionnumwidth=\skip152
\cftbeforeparagraphskip=\skip153
\cftparagraphindent=\skip154
\cftparagraphnumwidth=\skip155
\cftbeforesubparagraphskip=\skip156
\cftsubparagraphindent=\skip157
\cftsubparagraphnumwidth=\skip158
\prechapterprecisshift=\dimen186
\c@maxsecnumdepth=\count309
\bibindent=\dimen187
\bibitemsep=\skip159
\indexcolsep=\skip160
\indexrule=\skip161
\indexmarkstyle=\toks22
\@indexbox=\insert252
LaTeX Info: Redefining \raggedbottom on input line 8095.
LaTeX Info: Redefining \flushbottom on input line 8099.
\glossarycolsep=\dimen188
\glossaryrule=\dimen189
\sideparvshift=\skip162
\sideins=\insert251
\sidebartopsep=\skip163
\sidebarhsep=\skip164
\sidebarvsep=\skip165
\sidebarwidth=\skip166
\footmarkwidth=\skip167
\footmarksep=\skip168
\footparindent=\skip169
\footinsdim=\skip170
\footinsv@r=\insert250
\@mpfootinsv@r=\insert249
\m@m@k=\count310
\m@m@h=\dimen190
\m@mipn@skip=\skip171
\sidefootins=\insert248
\sidefootadjust=\skip172
\sidefootheight=\skip173
\sidefoothsep=\skip174
\sidefootvsep=\skip175
\sidefootwidth=\skip176
\m@mdownsf=\skip177
\c@sidefootnote=\count311
\sidefootmarkwidth=\skip178
\sidefootmarksep=\skip179
\sidefootparindent=\skip180
\c@pagenote=\count312
\c@pagenoteshadow=\count313
\mem@pn@lastkern=\skip181

(/usr/local/texlive/2026/texmf-dist/tex/latex/tools/verbatim.sty
Package: verbatim 2024-01-22 v1.5x LaTeX2e package for verbatim enhancements
\every@verbatim=\toks23
\verbatim@line=\toks24
\verbatim@in@stream=\read2
)
\verbatimindent=\skip182
\verbatim@out=\write3

(/usr/local/texlive/2026/texmf-dist/tex/latex/base/shortvrb.sty
Package: shortvrb 2026-03-13 v3.0r Standard LaTeX documentation package V3 (FMi
)
)
\bvboxsep=\skip183
\c@memfbvline=\count314
\c@bvlinectr=\count315
\bvnumlength=\skip184
\fb@frw=\dimen191
\fb@frh=\dimen192
\FrameRule=\dimen193
\FrameSep=\dimen194
\c@cp@cntr=\count316
\c@ism@mctr=\count317
\c@xsm@mctr=\count318
\c@csm@mctr=\count319
\c@ksm@mctr=\count320
\c@xksm@mctr=\count321
\c@cksm@mctr=\count322
\c@msm@mctr=\count323
\c@xmsm@mctr=\count324
\c@cmsm@mctr=\count325
\c@bsm@mctr=\count326
\c@workm@mctr=\count327
\c@sheetsequence=\count328
\c@lastsheet=\count329
\c@lastpage=\count330
\c@figure=\count331
\c@lofdepth=\count332
\cftbeforefigureskip=\skip185
\cftfigureindent=\skip186
\cftfigurenumwidth=\skip187
\c@table=\count333
\c@lotdepth=\count334
\cftbeforetableskip=\skip188
\cfttableindent=\skip189
\cfttablenumwidth=\skip190
Package abstract [2008/07/23] emulated by memoir.
Package appendix [2008/07/23] emulated by memoir.
Package ccaption [2008/07/23] emulated by memoir.
Package changepage [2008/07/23] emulated by memoir.
Package chngcntr [2008/07/23] emulated by memoir.
Package chngpage [2008/07/23] emulated by memoir.
Package crop emulated by memoir.
Package enumerate [2008/07/23] emulated by memoir.
Package epigraph [2008/07/23] emulated by memoir.
Package ifmtarg [2008/07/23] emulated by memoir.
Package index [2008/07/23] emulated by memoir.
Package makeidx [2008/07/23] emulated by memoir.
Package moreverb [2008/07/23] emulated by memoir.
Package needspace [2008/07/23] emulated by memoir.
Package newfile [2008/07/23] emulated by memoir.
Package nextpage [2008/07/23] emulated by memoir.
Package pagenote [2008/07/23] emulated by memoir.
Package parskip [2008/07/23] emulated by memoir.
Package patchcmd [2008/07/23] emulated by memoir.
Package setspace [2008/07/23] emulated by memoir.
Package showidx [2008/07/23] emulated by memoir.
Package titleref [2008/07/23] emulated by memoir.
Package titling [2008/07/23] emulated by memoir.
Package tocbibind [2008/07/23] emulated by memoir.
Package tocloft [2008/07/23] emulated by memoir.
Package tocvsec2 [2008/07/23] emulated by memoir.
Package verse [2008/07/23] emulated by memoir.
)
(/usr/local/texlive/2026/texmf-dist/tex/latex/textcase/textcase.sty
Package: textcase 2025/02/16 v1.05 Text only upper/lower case changing (DPC)
Package textcase Info: Defining Legacy names on input line 20.
)
(/usr/local/texlive/2026/texmf-dist/tex/latex/hyperref/hyperref.sty
Package: hyperref 2026-06-17 v7.01r Hypertext links for LaTeX

(/usr/local/texlive/2026/texmf-dist/tex/generic/kvdefinekeys/kvdefinekeys.sty
Package: kvdefinekeys 2019-12-19 v1.6 Define keys (HO)
)
(/usr/local/texlive/2026/texmf-dist/tex/generic/pdfescape/pdfescape.sty
Package: pdfescape 2019/12/09 v1.15 Implements pdfTeX's escape features (HO)

(/usr/local/texlive/2026/texmf-dist/tex/generic/pdftexcmds/pdftexcmds.sty
Package: pdftexcmds 2020-06-27 v0.33 Utility functions of pdfTeX for LuaTeX (HO
)
Package pdftexcmds Info: \pdf@primitive is available.
Package pdftexcmds Info: \pdf@ifprimitive is available.
Package pdftexcmds Info: \pdfdraftmode not found.
))
(/usr/local/texlive/2026/texmf-dist/tex/latex/hycolor/hycolor.sty
Package: hycolor 2020-01-27 v1.10 Color options for hyperref/bookmark (HO)
)
(/usr/local/texlive/2026/texmf-dist/tex/generic/stringenc/stringenc.sty
Package: stringenc 2019/11/29 v1.12 Convert strings between diff. encodings (HO
)
)
\@linkdim=\dimen195
\Hy@linkcounter=\count335
\Hy@pagecounter=\count336

(/usr/local/texlive/2026/texmf-dist/tex/latex/hyperref/pd1enc.def
File: pd1enc.def 2026-06-17 v7.01r Hyperref: PDFDocEncoding definition (HO)
)
(/usr/local/texlive/2026/texmf-dist/tex/generic/intcalc/intcalc.sty
Package: intcalc 2019/12/15 v1.3 Expandable calculations with integers (HO)
)
\Hy@SavedSpaceFactor=\count337

(/usr/local/texlive/2026/texmf-dist/tex/latex/hyperref/puenc.def
File: puenc.def 2026-06-17 v7.01r Hyperref: PDF Unicode definition (HO)
)
Package hyperref Info: Hyper figures OFF on input line 4199.
Package hyperref Info: Link nesting OFF on input line 4204.
Package hyperref Info: Hyper index ON on input line 4207.
Package hyperref Info: Plain pages OFF on input line 4214.
Package hyperref Info: Backreferencing OFF on input line 4219.
Package hyperref Info: Implicit mode ON; LaTeX internals redefined.
Package hyperref Info: Bookmarks ON on input line 4466.
\c@Hy@tempcnt=\count338

(/usr/local/texlive/2026/texmf-dist/tex/latex/url/url.sty
\Urlmuskip=\muskip17
Package: url 2013/09/16  ver 3.4  Verb mode for urls, etc.
)
LaTeX Info: Redefining \url on input line 4805.
\XeTeXLinkMargin=\dimen196

(/usr/local/texlive/2026/texmf-dist/tex/generic/bitset/bitset.sty
Package: bitset 2019/12/09 v1.3 Handle bit-vector datatype (HO)

(/usr/local/texlive/2026/texmf-dist/tex/generic/bigintcalc/bigintcalc.sty
Package: bigintcalc 2019/12/15 v1.5 Expandable calculations on big integers (HO
)
))
\Fld@menulength=\count339
\Field@Width=\dimen197
\Fld@charsize=\dimen198
Package hyperref Info: Hyper figures OFF on input line 6091.
Package hyperref Info: Link nesting OFF on input line 6096.
Package hyperref Info: Hyper index ON on input line 6099.
Package hyperref Info: backreferencing OFF on input line 6106.
Package hyperref Info: Link coloring OFF on input line 6111.
Package hyperref Info: Link coloring with OCG OFF on input line 6116.
Package hyperref Info: PDF/A mode OFF on input line 6121.
\Hy@abspage=\count340
\c@Item=\count341
\c@Hfootnote=\count342
)
Package hyperref Info: Driver (autodetected): hxetex.

(/usr/local/texlive/2026/texmf-dist/tex/latex/hyperref/hxetex.def
File: hxetex.def 2026-06-17 v7.01r Hyperref driver for XeTeX
\pdfm@box=\box58
\c@Hy@AnnotLevel=\count343
\HyField@AnnotCount=\count344
\Fld@listcount=\count345
\c@bookmark@seq@number=\count346

(/usr/local/texlive/2026/texmf-dist/tex/latex/rerunfilecheck/rerunfilecheck.sty
Package: rerunfilecheck 2025-06-21 v1.11 Rerun checks for auxiliary files (HO)

(/usr/local/texlive/2026/texmf-dist/tex/generic/uniquecounter/uniquecounter.sty
Package: uniquecounter 2019/12/15 v1.4 Provide unlimited unique counter (HO)
)
Package uniquecounter Info: New unique counter `rerunfilecheck' on input line 2
84.
)
\Hy@SectionHShift=\skip191
) (/usr/local/texlive/2026/texmf-dist/tex/latex/memoir/memhfixc.sty
Package: memhfixc 2025/09/16 v1.24 hyperref package fixes for memoir class
\c@memhycontfloat=\count347
\c@mem@Hpagenote=\count348
)
(/usr/local/texlive/2026/texmf-dist/tex/latex/bookmark/bookmark.sty
Package: bookmark 2026-05-21 v1.32 PDF bookmarks (HO)

(/usr/local/texlive/2026/texmf-dist/tex/latex/bookmark/bkm-xetex.def
File: bkm-xetex.def 2026-05-21 v1.32 bookmark driver for xetex (HO)
\BKM@id=\count349
))
(/usr/local/texlive/2026/texmf-dist/tex/generic/babel/babel.sty
Package: babel 2026/09/09 v26.12 The multilingual framework for LuaLaTeX, pdfLa
TeX and XeLaTeX
\babel@savecnt=\count350
LaTeX Encoding Info:    Redeclaring text command \ij (encoding OT1) on input li
ne 2095.
LaTeX Encoding Info:    Redeclaring text command \IJ (encoding OT1) on input li
ne 2097.
LaTeX Encoding Info:    Redeclaring text command \ij (encoding T1) on input lin
e 2099.
LaTeX Encoding Info:    Redeclaring text command \IJ (encoding T1) on input lin
e 2100.
LaTeX Encoding Info:    Ignoring declaration for text command \ij (encoding ?) 
on input line 2101.
LaTeX Encoding Info:    Ignoring declaration for text command \IJ (encoding ?) 
on input line 2103.
LaTeX Encoding Info:    Ignoring declaration for text command \SS (encoding ?) 
on input line 2128.
\U@D=\dimen199
\l@unhyphenated=\language91

(/usr/local/texlive/2026/texmf-dist/tex/generic/babel/xebabel.def)
\bbl@readstream=\read3
\bbl@dirlevel=\count351

(/usr/local/texlive/2026/texmf-dist/tex/generic/babel/locale/en/babel-english.t
ex)
(/usr/local/texlive/2026/texmf-dist/tex/generic/babel/locale/pt/babel-brazilian
.tex)
(/usr/local/texlive/2026/texmf-dist/tex/generic/babel/locale/invalid/babel-braz
il.tex)
Package babel Info: Importing font and identification data for 'english'
(babel)             from babel-en.ini. Reported on input line 4459.

(/usr/local/texlive/2026/texmf-dist/tex/generic/babel-english/english.ldf
Language: english 2017/06/06 v3.3r English support from the babel system
Package babel Info: Hyphen rules for 'canadian' set to \l@english
(babel)             (\language0). Reported on input line 102.
Package babel Info: Hyphen rules for 'australian' set to \l@ukenglish
(babel)             (\language22). Reported on input line 105.
Package babel Info: Hyphen rules for 'newzealand' set to \l@ukenglish
(babel)             (\language22). Reported on input line 108.
)
Package babel Info: Importing font and identification data for 'brazilian'
(babel)             from babel-pt-BR.ini. Reported on input line 4459.

(/usr/local/texlive/2026/texmf-dist/tex/generic/babel-portuges/brazilian.ldf
Language: portuges 2026/01/24 v1.2u Portuguese support from the babel system
Package babel Info: Hyphen rules for 'brazilian' set to \l@portuguese
(babel)             (\language73). Reported on input line 100.
Package babel Info: Making " an active character on input line 132.
)

Package babel Warning: Name 'brazil' is deprecated.
(babel)                Use 'brazilian' instead.
(babel)                Reported on input line 4459.

Package babel Info: Importing font and identification data for 'brazil'
(babel)             from babel-pt-BR.ini. Reported on input line 4459.
(/usr/local/texlive/2026/texmf-dist/tex/generic/babel-portuges/brazilian.ldf
Language: portuges 2026/01/24 v1.2u Portuguese support from the babel system
Package babel Info: Hyphen rules for 'brazil' set to \l@portuguese
(babel)             (\language73). Reported on input line 100.
))
(/usr/local/texlive/2026/texmf-dist/tex/latex/enumitem/enumitem.sty
Package: enumitem 2025/02/06 v3.11 Customized lists
\labelindent=\skip192
\enit@outerparindent=\dimen256
\enit@toks=\toks25
\enit@inbox=\box59
\enit@count@id=\count352
\enitdp@description=\count353
)
(/usr/local/texlive/2026/texmf-dist/tex/latex/tools/calc.sty
Package: calc 2025/03/01 v4.3b Infix arithmetic (KKT,FJ)
\calc@Acount=\count354
\calc@Bcount=\count355
\calc@Adimen=\dimen257
\calc@Bdimen=\dimen258
\calc@Askip=\skip193
\calc@Bskip=\skip194
LaTeX Info: Redefining \setlength on input line 86.
LaTeX Info: Redefining \addtolength on input line 87.
\calc@Ccount=\count356
\calc@Cskip=\skip195
)

******************************************************
Stock height and width: 845.04684pt by 597.50787pt
Top and edge trims: 0pt and 0pt
Page height and width: 845.04684pt by 597.50787pt
Text height and width: 708pt by 455pt
Spine and edge margins: 85.35826pt and 56.9055pt
Upper and lower margins: 85.35826pt and 51.68858pt
Headheight and headsep: 14.5pt and 19.8738pt
Footskip: 30pt
Columnsep and columnseprule: 10pt and 0pt
Marginparsep and marginparwidth: 7pt and 42.9055pt
Sidecapsep and sidecapwidth: 7pt and 42pt
Sidebarhsep and sidebarwidth: 7pt and 42pt
Sidebarvsep and sidebartopsep: 14.5pt and 0pt
Sidebarheight: 590.14995pt
Sidefoothsep and sidefootwidth: 7pt and 42pt
Sidefootvsep and sidefootheight: 14.5pt and 590.14995pt
******************************************************

\c@abntex@bookmarkcounter=\count357
\cftlastnumwidth=\skip196
\chapternamenumlength=\skip197
\ABNTEXcitacaorecuo=\skip198
\c@alineasi=\count358
\c@alineasii=\count359
\enitdp@alineas=\count360
\c@subalineasi=\count361
\enitdp@subalineas=\count362
\c@incisosi=\count363
\enitdp@incisos=\count364
\ABNTEXsignwidth=\skip199
\ABNTEXsignthickness=\skip256
\ABNTEXsignskip=\skip257
)
Package hyperref Info: Option `colorlinks' set `true' on input line 45.
\c@quadro=\count365
\c@loqdepth=\count366
\cftbeforequadroskip=\skip258
\cftquadroindent=\skip259
\cftquadronumwidth=\skip260
\c@grafico=\count367
\cftbeforegraficoskip=\skip261
\cftgraficoindent=\skip262
\cftgraficonumwidth=\skip263
\c@fotografia=\count368
\cftbeforefotografiaskip=\skip264
\cftfotografiaindent=\skip265
\cftfotografianumwidth=\skip266
\c@fluxograma=\count369
\cftbeforefluxogramaskip=\skip267
\cftfluxogramaindent=\skip268
\cftfluxogramanumwidth=\skip269
\c@organograma=\count370
\cftbeforeorganogramaskip=\skip270
\cftorganogramaindent=\skip271
\cftorganogramanumwidth=\skip272
\c@diagrama=\count371
\cftbeforediagramaskip=\skip273
\cftdiagramaindent=\skip274
\cftdiagramanumwidth=\skip275
\c@esquema=\count372
\cftbeforeesquemaskip=\skip276
\cftesquemaindent=\skip277
\cftesquemanumwidth=\skip278
\c@mapa=\count373
\cftbeforemapaskip=\skip279
\cftmapaindent=\skip280
\cftmapanumwidth=\skip281
\c@desenho=\count374
\cftbeforedesenhoskip=\skip282
\cftdesenhoindent=\skip283
\cftdesenhonumwidth=\skip284
) (./config_inicial.tex
(/usr/local/texlive/2026/texmf-dist/tex/latex/fontspec/fontspec.sty
Package: fontspec 2026/08/11 v2.9h Font selection for XeLaTeX and LuaLaTeX

(/usr/local/texlive/2026/texmf-dist/tex/latex/fontspec/fontspec-xetex.sty
Package: fontspec-xetex 2026/08/11 v2.9h Font selection for XeLaTeX and LuaLaTe
X
\l__fontspec_script_int=\count375
\l__fontspec_language_int=\count376
\l__fontspec_strnum_int=\count377
\l__fontspec_tmp_int=\count378
\l__fontspec_tmpa_int=\count379
\l__fontspec_tmpb_int=\count380
\l__fontspec_tmpc_int=\count381
\l__fontspec_em_int=\count382
\l__fontspec_emdef_int=\count383
\l__fontspec_strong_int=\count384
\l__fontspec_strongdef_int=\count385
\l__fontspec_tmpa_dim=\dimen259
\l__fontspec_tmpb_dim=\dimen260
\l__fontspec_tmpc_dim=\dimen261

(/usr/local/texlive/2026/texmf-dist/tex/latex/base/fontenc.sty
Package: fontenc 2025/07/18 v2.1d Standard LaTeX package
)
(/usr/local/texlive/2026/texmf-dist/tex/latex/fontspec/fontspec.cfg)))

Package fontspec Info: 
(fontspec)             Font family 'TeXGyreTermes(0)' created for font 'TeX
(fontspec)             Gyre Termes' with options [Ligatures=TeX].
(fontspec)              
(fontspec)              This font family consists of the following NFSS
(fontspec)             series/shapes:
(fontspec)              
(fontspec)             - 'normal' (m/n) with NFSS spec.: <->"TeX Gyre
(fontspec)             Termes/OT:script=latn;language=dflt;mapping=tex-text;"
(fontspec)             - 'small caps'  (m/sc) with NFSS spec.: <->"TeX Gyre
(fontspec)             Termes/OT:script=latn;language=dflt;+smcp;mapping=tex-te
xt;"
(fontspec)             - 'bold' (b/n) with NFSS spec.: <->"TeX Gyre
(fontspec)             Termes/B/OT:script=latn;language=dflt;mapping=tex-text;"

(fontspec)             - 'bold small caps'  (b/sc) with NFSS spec.: <->"TeX
(fontspec)             Gyre
(fontspec)             Termes/B/OT:script=latn;language=dflt;+smcp;mapping=tex-
text;"
(fontspec)             - 'italic' (m/it) with NFSS spec.: <->"TeX Gyre
(fontspec)             Termes/I/OT:script=latn;language=dflt;mapping=tex-text;"

(fontspec)             - 'italic small caps'  (m/scit) with NFSS spec.:
(fontspec)             <->"TeX Gyre
(fontspec)             Termes/I/OT:script=latn;language=dflt;+smcp;mapping=tex-
text;"
(fontspec)             - 'bold italic' (b/it) with NFSS spec.: <->"TeX Gyre
(fontspec)             Termes/BI/OT:script=latn;language=dflt;mapping=tex-text;
"
(fontspec)             - 'bold italic small caps'  (b/scit) with NFSS spec.:
(fontspec)             <->"TeX Gyre
(fontspec)             Termes/BI/OT:script=latn;language=dflt;+smcp;mapping=tex
-text;"


(/usr/local/texlive/2026/texmf-dist/tex/latex/lastpage/lastpage.sty
Package: lastpage 2025/08/14 v2.1h lastpage: 2.09 or 2e? (HMM)

(/usr/local/texlive/2026/texmf-dist/tex/latex/lastpage/lastpage2e.sty
Package: lastpage2e 2025/08/14 v2.1h Decide which 2e lastpage version to use (H
MM)

(/usr/local/texlive/2026/texmf-dist/tex/latex/lastpage/lastpagemodern.sty
Package: lastpagemodern 2025-08-14 v2.1h Refers to last page's name (HMM; JPG)
\c@lastpagecount=\count386
) 
)) (/usr/local/texlive/2026/texmf-dist/tex/latex/tools/indentfirst.sty
Package: indentfirst 2023/07/02 v1.03 Indent first paragraph (DPC)
)
(/usr/local/texlive/2026/texmf-dist/tex/latex/graphics/color.sty
Package: color 2026-05-17 v1.3f Standard LaTeX Color (DPC)

(/usr/local/texlive/2026/texmf-dist/tex/latex/graphics-cfg/color.cfg
File: color.cfg 2016/01/02 v1.6 sample color configuration
)
Package color Info: Driver file: xetex.def on input line 149.

(/usr/local/texlive/2026/texmf-dist/tex/latex/graphics-def/xetex.def
File: xetex.def 2025/11/01 v5.0p Graphics/color driver for xetex
)
(/usr/local/texlive/2026/texmf-dist/tex/latex/graphics/mathcolor.ltx))
(/usr/local/texlive/2026/texmf-dist/tex/latex/graphics/graphicx.sty
Package: graphicx 2026-05-17 v1.2e Enhanced LaTeX Graphics (DPC,SPQR)

(/usr/local/texlive/2026/texmf-dist/tex/latex/graphics/graphics.sty
Package: graphics 2026-05-17 v1.4h Standard LaTeX Graphics (DPC,SPQR)

(/usr/local/texlive/2026/texmf-dist/tex/latex/graphics/trig.sty
Package: trig 2023/12/02 v1.11 sin cos tan (DPC)
)
(/usr/local/texlive/2026/texmf-dist/tex/latex/graphics-cfg/graphics.cfg
File: graphics.cfg 2016/06/04 v1.11 sample graphics configuration
)
Package graphics Info: Driver file: xetex.def on input line 106.
)
\Gin@req@height=\dimen262
\Gin@req@width=\dimen263
)
(/usr/local/texlive/2026/texmf-dist/tex/latex/amsfonts/amsfonts.sty
Package: amsfonts 2013/01/14 v3.01 Basic AMSFonts support
\@emptytoks=\toks26
\symAMSa=\mathgroup4
\symAMSb=\mathgroup5
LaTeX Font Info:    Redeclaring math symbol \hbar on input line 98.
LaTeX Font Info:    Overwriting math alphabet `\mathfrak' in version `bold'
(Font)                  U/euf/m/n --> U/euf/b/n on input line 106.
)
(/usr/local/texlive/2026/texmf-dist/tex/latex/glossaries/base/glossaries.sty
Package: glossaries 2026/04/21 v5.1 (NLCT)

(/usr/local/texlive/2026/texmf-dist/tex/latex/xkeyval/xkeyval.sty
Package: xkeyval 2025/11/04 v2.10 package option processing (HA)

(/usr/local/texlive/2026/texmf-dist/tex/generic/xkeyval/xkeyval.tex
(/usr/local/texlive/2026/texmf-dist/tex/generic/xkeyval/xkvutils.tex
\XKV@toks=\toks27
\XKV@tempa@toks=\toks28
\XKV@tempb@toks=\toks29
)
\XKV@depth=\count387
File: xkeyval.tex 2014/12/03 v2.7a key=value parser (HA)
))
(/usr/local/texlive/2026/texmf-dist/tex/latex/mfirstuc/mfirstuc.sty
Package: mfirstuc 2025/04/03 v2.09 (NLCT)
\@glsmfirst=\toks30
\@glsmrest=\toks31
)
(/usr/local/texlive/2026/texmf-dist/tex/latex/xfor/xfor.sty
Package: xfor 2009/02/05 v1.05 (NLCT)
)
(/usr/local/texlive/2026/texmf-dist/tex/latex/amsmath/amsgen.sty
File: amsgen.sty 1999/11/30 v2.0 generic functions
\@emptytoks=\toks32
\ex@=\dimen264
)
(/usr/local/texlive/2026/texmf-dist/tex/latex/tracklang/tracklang.sty
Package: tracklang 2026/05/24 v1.6.8 (NLCT) Track Languages

(/usr/local/texlive/2026/texmf-dist/tex/generic/tracklang/tracklang.tex)
Package tracklang Info: Tracking dialect `english' (language `english') on inpu
t line 52.
Package tracklang Info: Tracking dialect `brazilian' (language `portuges') on i
nput line 52.
)
(/usr/local/texlive/2026/texmf-dist/tex/latex/translator/translator.sty
Package: translator 2021-05-31 v1.12d Easy translation of strings in LaTeX
)
(/usr/local/texlive/2026/texmf-dist/tex/latex/glossaries-english/glossaries-eng
lish.ldf
File: glossaries-english.ldf 2014/11/23 v1.0
)
(/usr/local/texlive/2026/texmf-dist/tex/latex/glossaries-portuges/glossaries-pt
-BR.ldf
File: glossaries-pt-BR.ldf 2014/11/23 v1.0

(/usr/local/texlive/2026/texmf-dist/tex/latex/glossaries-portuges/glossaries-po
rtuges-utf8.ldf))
(/usr/local/texlive/2026/texmf-dist/tex/latex/datatool/datatool-base.sty
Package: datatool-base 2026/08/23 v3.4.5 (NLCT)

(/usr/local/texlive/2026/texmf-dist/tex/latex/amsmath/amsmath.sty
Package: amsmath 2026/05/19 v2.18d AMS math features
\@mathmargin=\skip285

For additional information on amsmath, use the `?' option.
(/usr/local/texlive/2026/texmf-dist/tex/latex/amsmath/amstext.sty
Package: amstext 2024/11/17 v2.01 AMS text
)
(/usr/local/texlive/2026/texmf-dist/tex/latex/amsmath/amsbsy.sty
Package: amsbsy 1999/11/29 v1.2d Bold Symbols
\pmbraise@=\dimen265
)
(/usr/local/texlive/2026/texmf-dist/tex/latex/amsmath/amsopn.sty
Package: amsopn 2022/04/08 v2.04 operator names
)
\inf@bad=\count388
LaTeX Info: Redefining \frac on input line 233.
\uproot@=\count389
\leftroot@=\count390
LaTeX Info: Redefining \overline on input line 398.
LaTeX Info: Redefining \colon on input line 409.
\classnum@=\count391
\DOTSCASE@=\count392
LaTeX Info: Redefining \ldots on input line 495.
LaTeX Info: Redefining \dots on input line 498.
LaTeX Info: Redefining \cdots on input line 619.
\Mathstrutbox@=\box60
\strutbox@=\box61
LaTeX Info: Redefining \big on input line 721.
LaTeX Info: Redefining \Big on input line 722.
LaTeX Info: Redefining \bigg on input line 723.
LaTeX Info: Redefining \Bigg on input line 724.
\big@size=\dimen266
LaTeX Font Info:    Redeclaring font encoding OML on input line 742.
LaTeX Font Info:    Redeclaring font encoding OMS on input line 743.
\macc@depth=\count393
LaTeX Info: Redefining \bmod on input line 904.
LaTeX Info: Redefining \pmod on input line 909.
LaTeX Info: Redefining \smash on input line 939.
LaTeX Info: Redefining \relbar on input line 969.
LaTeX Info: Redefining \Relbar on input line 970.
\c@MaxMatrixCols=\count394
\dotsspace@=\muskip18
\c@parentequation=\count395
\dspbrk@lvl=\count396
\tag@help=\toks33
\row@=\count397
\column@=\count398
\maxfields@=\count399
\andhelp@=\toks34
\eqnshift@=\dimen267
\alignsep@=\dimen268
\tagshift@=\dimen269
\tagwidth@=\dimen270
\totwidth@=\dimen271
\lineht@=\dimen272
\@envbody=\toks35
\multlinegap=\skip286
\multlinetaggap=\skip287
\mathdisplay@stack=\toks36
LaTeX Info: Redefining \[ on input line 2965.
LaTeX Info: Redefining \] on input line 2966.
)
\l__datatool_tmpa_int=\count400
\l__datatool_tmpb_int=\count401
\l__datatool_tmpc_int=\count402
\l__datatool_tmpd_int=\count403
\l__datatool_count_int=\count404
\l__datatool_tmp_datatype_int=\count405
\l__datatool_tmpa_dim=\dimen273
\l__datatool_tmpb_dim=\dimen274

(/usr/local/texlive/2026/texmf-dist/tex/latex/datatool/datatool-l3fp.def
File: datatool-l3fp.def 2026/08/23 v3.4.5 (NLCT)
)
\@dtl@toks=\toks37
\@dtl@tmpcount=\count406
\dtl@tmplength=\skip288
\l__datatool_measure_box=\box62
\dtl@sortresult=\count407

(/usr/local/texlive/2026/texmf-dist/tex/latex/datatool/datatool-utf8.ldf
File: datatool-utf8.ldf 2026/08/23 v3.4.5 (NLCT)
)
\@dtl@datatype=\count408
\c_datatool_unknown_int=\count409
\l__datatool_year_int=\count410
\l__datatool_month_int=\count411
\l__datatool_day_int=\count412
\l__datatool_hour_int=\count413
\l__datatool_minute_int=\count414
\l__datatool_second_int=\count415
\l__datatool_tzhour_int=\count416
\l__datatool_tzminute_int=\count417
\l__datatool_julian_int=\count418
\l__datatool_local_julian_int=\count419
\l__datatool_prefix_int=\count420
\l__datatool_suffix_int=\count421
\@dtl@foreach@level=\count422

(/usr/local/texlive/2026/texmf-dist/tex/latex/datatool-english/datatool-english
.ldf
File: datatool-english.ldf 2025/03/12 v1.1 (NLCT)

(/usr/local/texlive/2026/texmf-dist/tex/latex/datatool-english/datatool-english
-utf8.ldf
File: datatool-english-utf8.ldf 2025/03/12 v1.1 (NLCT)
))

Package tracklang Warning: No `datatool' support for dialect `brazilian'  on in
put line 9924.


Package tracklang Warning: No `datatool' support for dialect `brazilian'  on in
put line 9924.

\dtl@codeA=\count423
\dtl@codeB=\count424
)
\gls@level=\count425
\@gls@tmpb=\toks38
\gls@tmplen=\skip289


Package glossaries Warning: Overriding \printglossary on input line 6565.

\l__glossaries_tmpa_dim=\dimen275
\l__glossaries_tmpb_dim=\dimen276

Package glossaries Warning: Overriding `theglossary' environment on input line 
7773.

\glskeylisttok=\toks39
\glslabeltok=\toks40
\glsshorttok=\toks41
\glslongtok=\toks42

(/usr/local/texlive/2026/texmf-dist/tex/latex/glossaries/styles/glossary-hypern
av.sty
Package: glossary-hypernav 2026/04/21 v5.1 (NLCT)
)
(/usr/local/texlive/2026/texmf-dist/tex/latex/glossaries/styles/glossary-list.s
ty
Package: glossary-list 2026/04/21 v5.1 (NLCT)
\glslistdottedwidth=\skip290
)
(/usr/local/texlive/2026/texmf-dist/tex/latex/glossaries/styles/glossary-long.s
ty
Package: glossary-long 2026/04/21 v5.1 (NLCT)
 (/usr/local/texlive/2026/texmf-dist/tex/latex/tools/longtable.sty
Package: longtable 2026-01-28 v4.27 Multi-page Table package (DPC)
\LTleft=\skip291
\LTright=\skip292
\LTpre=\skip293
\LTpost=\skip294
\LTchunksize=\count426
\LTcapwidth=\dimen277
\LT@head=\box63
\LT@firsthead=\box64
\LT@foot=\box65
\LT@lastfoot=\box66
\LT@gbox=\box67
\LT@cols=\count427
\LT@rows=\count428
\c@LT@tables=\count429
\c@LT@chunks=\count430
\LT@p@ftn=\toks43
)
\glsdescwidth=\skip295
\glspagelistwidth=\skip296
)
(/usr/local/texlive/2026/texmf-dist/tex/latex/glossaries/styles/glossary-super.
sty
Package: glossary-super 2026/04/21 v5.1 (NLCT)
 (/usr/local/texlive/2026/texmf-dist/tex/latex/supertabular/supertabular.sty
Package: supertabular 2025/06/26 v4.2d the supertabular environment
\c@tracingst=\count431
\ST@wd=\dimen278
\ST@rightskip=\skip297
\ST@leftskip=\skip298
\ST@parfillskip=\skip299
\ST@pageleft=\dimen279
\ST@headht=\dimen280
\ST@tailht=\dimen281
\ST@pagesofar=\dimen282
\ST@pboxht=\dimen283
\ST@rowht=\dimen284
\ST@prevht=\dimen285
\ST@toadd=\dimen286
\ST@dimen=\dimen287
\ST@pbox=\box68
))
(/usr/local/texlive/2026/texmf-dist/tex/latex/glossaries/styles/glossary-tree.s
ty
Package: glossary-tree 2026/04/21 v5.1 (NLCT)
\l__glossaries_tree_max_known_level_int=\count432
\l__glossaries_tree_offset_dim=\dimen288
\l__glossaries_tree_namewidth_dim=\dimen289
\l__glossaries_tree_symbolwidth_dim=\dimen290
\l__glossaries_tree_prenamesym_width_dim=\dimen291
\l__glossaries_tree_presubnamesym_width_dim=\dimen292
\l__glossaries_tree_namewidth_padding_dim=\dimen293
\l__glossaries_tree_symbolwidth_padding_dim=\dimen294
\l__glossaries_tree_namesymbolwidth_dim=\dimen295
\l__glossaries_tree_namesymbolwidth_padding_dim=\dimen296
\l__glossaries_tree_level_int=\count433
\glstreeindent=\skip300
))
\glswrite=\write4
\glo@acronym@file=\write5
\openout5 = `main.acn'.

Package glossaries Info: Writing glossary file main.acn on input line 23.
 (/usr/local/texlive/2026/texmf-dist/tex/latex/hyperref/backref.sty
Package: backref 2025-06-21 v1.45 Bibliographical back referencing
)
(/usr/local/texlive/2026/texmf-dist/tex/latex/geometry/geometry.sty
Package: geometry 2026/03/07 v6.0 Page Geometry

(/usr/local/texlive/2026/texmf-dist/tex/generic/iftex/ifvtex.sty
Package: ifvtex 2019/10/25 v1.7 ifvtex legacy package. Use iftex instead.
)
\Gm@cnth=\count434
\Gm@cntv=\count435
\c@Gm@tempcnt=\count436
\Gm@bindingoffset=\dimen297
\Gm@wd@mp=\dimen298
\Gm@odd@mp=\dimen299
\Gm@even@mp=\dimen300
\Gm@layoutwidth=\dimen301
\Gm@layoutheight=\dimen302
\Gm@layouthoffset=\dimen303
\Gm@layoutvoffset=\dimen304
\Gm@dimlist=\toks44
)
(./abntex2/abntex2cite.sty (./abntex2/abntex2abrev.sty)
\minimumbiblabelwidth=\skip301
\ABCIauxlen=\skip302
\c@ABCIaux=\count437
\c@ABCImax=\count438

(/usr/local/texlive/2026/texmf-dist/tex/generic/iftex/ifpdf.sty
Package: ifpdf 2019/10/25 v3.4 ifpdf legacy package. Use iftex instead.
)
(/usr/local/texlive/2026/texmf-dist/tex/generic/iftex/ifxetex.sty
Package: ifxetex 2019/10/25 v0.7 ifxetex legacy package. Use iftex instead.
)
(/usr/local/texlive/2026/texmf-dist/tex/latex/relsize/relsize.sty
Package: relsize 2013/03/29 ver 4.1
)
\biblabelsep=\skip303
LaTeX Info: Redefining \newblock on input line 673.
LaTeX Info: Redefining \cite on input line 700.
\ABCItoken=\toks45
)
(/usr/local/texlive/2026/texmf-dist/tex/latex/lipsum/lipsum.sty
(/usr/local/texlive/2026/texmf-dist/tex/latex/l3packages/l3keys2e/l3keys2e.sty
Package: l3keys2e 2025-10-09 LaTeX2e option processing using LaTeX3 keys
)
Package: lipsum 2021-09-20 v2.7 150 paragraphs of Lorem Ipsum dummy text
\g__lipsum_par_int=\count439
\l__lipsum_a_int=\count440
\l__lipsum_b_int=\count441
(/usr/local/texlive/2026/texmf-dist/tex/latex/lipsum/lipsum.ltd.tex))
(/usr/local/texlive/2026/texmf-dist/tex/latex/multirow/multirow.sty
Package: multirow 2024/11/12 v2.9 Span multiple rows of a table
\multirow@colwidth=\skip304
\multirow@cntb=\count442
\multirow@dima=\skip305
\bigstrutjot=\dimen305
)
(/usr/local/texlive/2026/texmf-dist/tex/latex/float/float.sty
Package: float 2001/11/08 v1.3d Float enhancements (AL)
\c@float@type=\count443
\float@exts=\toks46
\float@box=\box69
\@float@everytoks=\toks47
\@floatcapt=\box70
)
(/usr/local/texlive/2026/texmf-dist/tex/latex/xcolor/xcolor.sty
Package: xcolor 2024/09/29 v3.02 LaTeX color extensions (UK)

(/usr/local/texlive/2026/texmf-dist/tex/latex/graphics-cfg/color.cfg
File: color.cfg 2016/01/02 v1.6 sample color configuration
)
Package xcolor Info: Driver file: xetex.def on input line 274.
LaTeX Info: Redefining \color on input line 762.

(/usr/local/texlive/2026/texmf-dist/tex/latex/graphics/mathcolor.ltx)
Package xcolor Info: Model `cmy' substituted by `cmy0' on input line 1349.
Package xcolor Info: Model `RGB' extended on input line 1365.
Package xcolor Info: Model `HTML' substituted by `rgb' on input line 1367.
Package xcolor Info: Model `Hsb' substituted by `hsb' on input line 1368.
Package xcolor Info: Model `tHsb' substituted by `hsb' on input line 1369.
Package xcolor Info: Model `HSB' substituted by `hsb' on input line 1370.
Package xcolor Info: Model `Gray' substituted by `gray' on input line 1371.
Package xcolor Info: Model `wave' substituted by `hsb' on input line 1372.
)
(/usr/local/texlive/2026/texmf-dist/tex/latex/colortbl/colortbl.sty
Package: colortbl 2026/05/01 v1.0l Color table columns (DPC)

new hooks used!!
\minrowclearance=\skip306
\rownum=\count444
))
\main@idxfile=\write6
\openout6 = `main.idx'.


Writing index file main.idx 

LaTeX Warning: \include should only be used after \begin{document} on input lin
e 27.

(./pretextuais/capa.tex) (./main.aux
Package babel Info: 'brazil' activates 'portuges' shorthands.
(babel)             Reported on input line 24.
 (./pretextuais/folhadeaprovacao.aux)
(./pretextuais/dedicatoria.aux) (./pretextuais/agradecimentos.aux)
(./pretextuais/resumo.aux) (./pretextuais/acronimos.aux)
(./conteudo/introducao.aux) (./conteudo/fundamentacao.aux)
(./conteudo/metodologia.aux) (./conteudo/trabalhoscorrelatos.aux)
(./conteudo/desenvolvimento.aux) (./conteudo/conclusao.aux))
\openout1 = `main.aux'.

LaTeX Font Info:    Checking defaults for OML/cmm/m/it on input line 29.
LaTeX Font Info:    ... okay on input line 29.
LaTeX Font Info:    Checking defaults for OMS/cmsy/m/n on input line 29.
LaTeX Font Info:    ... okay on input line 29.
LaTeX Font Info:    Checking defaults for OT1/cmr/m/n on input line 29.
LaTeX Font Info:    ... okay on input line 29.
LaTeX Font Info:    Checking defaults for T1/cmr/m/n on input line 29.
LaTeX Font Info:    ... okay on input line 29.
LaTeX Font Info:    Checking defaults for TS1/cmr/m/n on input line 29.
LaTeX Font Info:    ... okay on input line 29.
LaTeX Font Info:    Checking defaults for TU/lmr/m/n on input line 29.
LaTeX Font Info:    ... okay on input line 29.
LaTeX Font Info:    Checking defaults for OMX/cmex/m/n on input line 29.
LaTeX Font Info:    ... okay on input line 29.
LaTeX Font Info:    Checking defaults for U/cmr/m/n on input line 29.
LaTeX Font Info:    ... okay on input line 29.
LaTeX Font Info:    Checking defaults for PD1/pdf/m/n on input line 29.
LaTeX Font Info:    ... okay on input line 29.
LaTeX Font Info:    Checking defaults for PU/pdf/m/n on input line 29.
LaTeX Font Info:    ... okay on input line 29.
Package hyperref Info: Link coloring ON on input line 29.
\myptabbox=\box71
\myptabboxwidth=\skip307

Package fontspec Info: 
(fontspec)             Adjusting the maths setup (use [no-math] to avoid
(fontspec)             this).

\symlegacymaths=\mathgroup6
LaTeX Font Info:    Overwriting symbol font `legacymaths' in version `bold'
(Font)                  OT1/cmr/m/n --> OT1/cmr/bx/n on input line 29.
LaTeX Font Info:    Redeclaring math accent \acute on input line 29.
LaTeX Font Info:    Redeclaring math accent \grave on input line 29.
LaTeX Font Info:    Redeclaring math accent \ddot on input line 29.
LaTeX Font Info:    Redeclaring math accent \tilde on input line 29.
LaTeX Font Info:    Redeclaring math accent \bar on input line 29.
LaTeX Font Info:    Redeclaring math accent \breve on input line 29.
LaTeX Font Info:    Redeclaring math accent \check on input line 29.
LaTeX Font Info:    Redeclaring math accent \hat on input line 29.
LaTeX Font Info:    Redeclaring math accent \dot on input line 29.
LaTeX Font Info:    Redeclaring math accent \mathring on input line 29.
LaTeX Font Info:    Redeclaring math symbol \Gamma on input line 29.
LaTeX Font Info:    Redeclaring math symbol \Delta on input line 29.
LaTeX Font Info:    Redeclaring math symbol \Theta on input line 29.
LaTeX Font Info:    Redeclaring math symbol \Lambda on input line 29.
LaTeX Font Info:    Redeclaring math symbol \Xi on input line 29.
LaTeX Font Info:    Redeclaring math symbol \Pi on input line 29.
LaTeX Font Info:    Redeclaring math symbol \Sigma on input line 29.
LaTeX Font Info:    Redeclaring math symbol \Upsilon on input line 29.
LaTeX Font Info:    Redeclaring math symbol \Phi on input line 29.
LaTeX Font Info:    Redeclaring math symbol \Psi on input line 29.
LaTeX Font Info:    Redeclaring math symbol \Omega on input line 29.
LaTeX Font Info:    Redeclaring math symbol \mathdollar on input line 29.
LaTeX Font Info:    Redeclaring symbol font `operators' on input line 29.
LaTeX Font Info:    Encoding `OT1' has changed to `TU' for symbol font
(Font)              `operators' in the math version `normal' on input line 29.
LaTeX Font Info:    Overwriting symbol font `operators' in version `normal'
(Font)                  OT1/cmr/m/n --> TU/TeXGyreTermes(0)/m/n on input line 2
9.
LaTeX Font Info:    Encoding `OT1' has changed to `TU' for symbol font
(Font)              `operators' in the math version `bold' on input line 29.
LaTeX Font Info:    Overwriting symbol font `operators' in version `bold'
(Font)                  OT1/cmr/bx/n --> TU/TeXGyreTermes(0)/m/n on input line 
29.
LaTeX Font Info:    Overwriting symbol font `operators' in version `normal'
(Font)                  TU/TeXGyreTermes(0)/m/n --> TU/TeXGyreTermes(0)/m/n on 
input line 29.
LaTeX Font Info:    Overwriting math alphabet `\mathit' in version `normal'
(Font)                  OT1/cmr/m/it --> TU/TeXGyreTermes(0)/m/it on input line
 29.
LaTeX Font Info:    Overwriting math alphabet `\mathbf' in version `normal'
(Font)                  OT1/cmr/bx/n --> TU/TeXGyreTermes(0)/b/n on input line 
29.
LaTeX Font Info:    Overwriting math alphabet `\mathsf' in version `normal'
(Font)                  OT1/cmss/m/n --> TU/lmss/m/n on input line 29.
LaTeX Font Info:    Overwriting math alphabet `\mathtt' in version `normal'
(Font)                  OT1/cmtt/m/n --> TU/lmtt/m/n on input line 29.
LaTeX Font Info:    Overwriting symbol font `operators' in version `bold'
(Font)                  TU/TeXGyreTermes(0)/m/n --> TU/TeXGyreTermes(0)/b/n on 
input line 29.
LaTeX Font Info:    Overwriting math alphabet `\mathit' in version `bold'
(Font)                  OT1/cmr/bx/it --> TU/TeXGyreTermes(0)/b/it on input lin
e 29.
LaTeX Font Info:    Overwriting math alphabet `\mathsf' in version `bold'
(Font)                  OT1/cmss/bx/n --> TU/lmss/b/n on input line 29.
LaTeX Font Info:    Overwriting math alphabet `\mathtt' in version `bold'
(Font)                  OT1/cmtt/m/n --> TU/lmtt/b/n on input line 29.
 (./main.glsdefs)
*geometry* driver: auto-detecting
*geometry* detected driver: xetex
*geometry* verbose mode - [ preamble ] result:
* driver: xetex
* paper: a4paper
* layout: <same size as paper>
* layoutoffset:(h,v)=(0.0pt,0.0pt)
* modes: 
* h-part:(L,W,R)=(89.62709pt, 418.25368pt, 89.6271pt)
* v-part:(T,H,B)=(101.40665pt, 591.5302pt, 152.11pt)
* \paperwidth=597.50787pt
* \paperheight=845.04684pt
* \textwidth=418.25368pt
* \textheight=591.5302pt
* \oddsidemargin=17.3571pt
* \evensidemargin=17.3571pt
* \topmargin=-5.23714pt
* \headheight=14.5pt
* \headsep=19.8738pt
* \topskip=12.0pt
* \footskip=30.0pt
* \marginparwidth=42.9055pt
* \marginparsep=7.0pt
* \columnsep=10.0pt
* \skip\footins=12.0pt plus 4.0pt minus 4.0pt
* \hoffset=0.0pt
* \voffset=0.0pt
* \mag=1000
* \@twocolumnfalse
* \@twosidefalse
* \@mparswitchfalse
* \@reversemarginfalse
* (1in=72.27pt=25.4mm, 1cm=28.453pt)

Package babel Info: Main language set to 'brazil'.
*geometry* verbose mode - [ newgeometry ] result:
* driver: xetex
* paper: a4paper
* layout: <same size as paper>
* layoutoffset:(h,v)=(0.0pt,0.0pt)
* modes: 
* h-part:(L,W,R)=(89.62709pt, 418.25368pt, 89.6271pt)
* v-part:(T,H,B)=(42.67912pt, 700.96107pt, 101.40665pt)
* \paperwidth=597.50787pt
* \paperheight=845.04684pt
* \textwidth=418.25368pt
* \textheight=700.96107pt
* \oddsidemargin=17.3571pt
* \evensidemargin=17.3571pt
* \topmargin=-63.96466pt
* \headheight=14.5pt
* \headsep=19.8738pt
* \topskip=12.0pt
* \footskip=30.0pt
* \marginparwidth=42.9055pt
* \marginparsep=7.0pt
* \columnsep=10.0pt
* \skip\footins=12.0pt plus 4.0pt minus 4.0pt
* \hoffset=0.0pt
* \voffset=0.0pt
* \mag=1000
* \@twocolumnfalse
* \@twosidefalse
* \@mparswitchfalse
* \@reversemarginfalse
* (1in=72.27pt=25.4mm, 1cm=28.453pt)

File: brasaoRepublicaPeB.jpg Graphic file (type bmp)
<brasaoRepublicaPeB.jpg>
LaTeX Font Info:    Trying to load font information for U+msa on input line 39.

(/usr/local/texlive/2026/texmf-dist/tex/latex/amsfonts/umsa.fd
File: umsa.fd 2013/01/14 v3.01 AMS symbols A
)
LaTeX Font Info:    Trying to load font information for U+msb on input line 39.


(/usr/local/texlive/2026/texmf-dist/tex/latex/amsfonts/umsb.fd
File: umsb.fd 2013/01/14 v3.01 AMS symbols B
)
Overfull \hbox (8.53766pt too wide) in paragraph at lines 39--39
 [][] 
 []

[1

\openout4 = `main.ist'.


]
*geometry* verbose mode - [ newgeometry ] result:
* driver: xetex
* paper: a4paper
* layout: <same size as paper>
* layoutoffset:(h,v)=(0.0pt,0.0pt)
* modes: 
* h-part:(L,W,R)=(85.35826pt, 455.24411pt, 56.9055pt)
* v-part:(T,H,B)=(85.35826pt, 702.78308pt, 56.9055pt)
* \paperwidth=597.50787pt
* \paperheight=845.04684pt
* \textwidth=455.24411pt
* \textheight=702.78308pt
* \oddsidemargin=13.08827pt
* \evensidemargin=13.08827pt
* \topmargin=-21.28552pt
* \headheight=14.5pt
* \headsep=19.8738pt
* \topskip=12.0pt
* \footskip=30.0pt
* \marginparwidth=42.9055pt
* \marginparsep=7.0pt
* \columnsep=10.0pt
* \skip\footins=12.0pt plus 4.0pt minus 4.0pt
* \hoffset=0.0pt
* \voffset=0.0pt
* \mag=1000
* \@twocolumnfalse
* \@twosidefalse
* \@mparswitchfalse
* \@reversemarginfalse
* (1in=72.27pt=25.4mm, 1cm=28.453pt)

 [1




]
\openout2 = `pretextuais/folhadeaprovacao.aux'.

 (./pretextuais/folhadeaprovacao.tex [2


])
\openout2 = `pretextuais/dedicatoria.aux'.

 (./pretextuais/dedicatoria.tex [3




])
\openout2 = `pretextuais/agradecimentos.aux'.

 (./pretextuais/agradecimentos.tex [4





])
\openout2 = `pretextuais/resumo.aux'.

 (./pretextuais/resumo.tex [5




]
[6

]) (./main.lof [7



]) [8]
\openout2 = `pretextuais/acronimos.aux'.

 (./pretextuais/acronimos.tex
\@gls@deffile=\write7
\openout7 = `main.glsdefs'.

) (./main.acr
Underfull \hbox (badness 10000) in paragraph at lines 144--144
[]|[]\TU/TeXGyreTermes(0)/m/n/12 XGS-
 []

[9






]) [10] (./main.toc [11] [12]
LaTeX Font Info:    Font shape `TU/lmtt/bx/n' in size <12> not available
(Font)              Font shape `TU/lmtt/b/n' tried instead on input line 64.
) [13]
\openout2 = `conteudo/introducao.aux'.

 (./conteudo/introducao.tex
Cap\'{\i }tulo 1.
[14



] [15] [16]) [17]
\openout2 = `conteudo/fundamentacao.aux'.

 (./conteudo/fundamentacao.tex
Cap\'{\i }tulo 2.
[18




]
File: images/core_acesso.png Graphic file (type bmp)
<images/core_acesso.png>
 [19]

Package hyperref Warning: Token not allowed in a PDF string (Unicode):
(hyperref)                removing `\gls' on input line 32.


Overfull \hbox (17.67145pt too wide) in paragraph at lines 34--35
[]\TU/TeXGyreTermes(0)/m/n/12 A arquitetura []  [][]PON[][] organiza a rede de 
acesso a partir de uma topologia ponto-multiponto,
 []

[20]
File: images/arquitetura_pon.png Graphic file (type bmp)
<images/arquitetura_pon.png>
 [21]

Package hyperref Warning: Token not allowed in a PDF string (Unicode):
(hyperref)                removing `\gls' on input line 57.

[22]
File: images/topologias_pon.png Graphic file (type bmp)
<images/topologias_pon.png>
 [23]

Package hyperref Warning: Token not allowed in a PDF string (Unicode):
(hyperref)                removing `\gls' on input line 80.

[24]
File: images/epon_gpon_divisao.png Graphic file (type bmp)
<images/epon_gpon_divisao.png>


Package hyperref Warning: Token not allowed in a PDF string (Unicode):
(hyperref)                removing `\gls' on input line 122.

[25]
File: images/perdas_consolidadas_enlace.png Graphic file (type bmp)
<images/perdas_consolidadas_enlace.png>
 [26]

Package hyperref Warning: Token not allowed in a PDF string (Unicode):
(hyperref)                removing `\gls' on input line 143.

[27]
File: images/transceiver_sfp_olt.png Graphic file (type bmp)
<images/transceiver_sfp_olt.png>
 [28]
File: images/atenuacao_fibra.png Graphic file (type bmp)
<images/atenuacao_fibra.png>
 [29]
File: images/splitter_optico.png Graphic file (type bmp)
<images/splitter_optico.png>
 [30]
File: images/perdas_conexoes_emendas.png Graphic file (type bmp)
<images/perdas_conexoes_emendas.png>
 [31] [32] [33]
File: images/comparacao_planejamento.png Graphic file (type bmp)
<images/comparacao_planejamento.png>
 [34]
File: images/visualizacao_sistemas_complexos.png Graphic file (type bmp)
<images/visualizacao_sistemas_complexos.png>
 [35] [36]
File: images/cliente_servidor.png Graphic file (type bmp)
<images/cliente_servidor.png>
 [37]

Package hyperref Warning: Token not allowed in a PDF string (Unicode):
(hyperref)                removing `\gls' on input line 349.

File: images/mvc.png Graphic file (type bmp)
<images/mvc.png>
[38]

Package hyperref Warning: Token not allowed in a PDF string (Unicode):
(hyperref)                removing `\gls' on input line 374.


Package hyperref Warning: Token not allowed in a PDF string (Unicode):
(hyperref)                removing `\glspl' on input line 374.

[39]
File: images/http_api.png Graphic file (type bmp)
<images/http_api.png>
 [40]

Package hyperref Warning: Token not allowed in a PDF string (Unicode):
(hyperref)                removing `\gls' on input line 400.

File: images/api_restfull.png Graphic file (type bmp)
<images/api_restfull.png>
[41]

Package hyperref Warning: Token not allowed in a PDF string (Unicode):
(hyperref)                removing `\gls' on input line 423.

File: images/json_estrutura.png Graphic file (type bmp)
<images/json_estrutura.png>
[42] [43]
File: images/visualizacao_web.png Graphic file (type bmp)
<images/visualizacao_web.png>
 [44]
File: images/d3js_conceito.png Graphic file (type bmp)
<images/d3js_conceito.png>
 [45] [46]
File: images/docker_implantacao.png Graphic file (type bmp)
<images/docker_implantacao.png>
) [47] [48]
\openout2 = `conteudo/metodologia.aux'.

 (./conteudo/metodologia.tex
Cap\'{\i }tulo 3.
[49




]
File: images/arquitetura_solucao.png Graphic file (type bmp)
<images/arquitetura_solucao.png>
 [50]
File: images/fluxo_metodologia_desenvolvimento.png Graphic file (type bmp)
<images/fluxo_metodologia_desenvolvimento.png>
 [51] [52]
File: images/fluxo_validacao.png Graphic file (type bmp)
<images/fluxo_validacao.png>
) [53] [54]
\openout2 = `conteudo/trabalhoscorrelatos.aux'.

 (./conteudo/trabalhoscorrelatos.tex
Cap\'{\i }tulo 4.

Package hyperref Warning: Token not allowed in a PDF string (Unicode):
(hyperref)                removing `\gls' on input line 8.


Package hyperref Warning: Token not allowed in a PDF string (Unicode):
(hyperref)                removing `\gls' on input line 8.


Package hyperref Warning: Token not allowed in a PDF string (Unicode):
(hyperref)                removing `\cite ' on input line 8.


Package hyperref Warning: Token not allowed in a PDF string (Unicode):
(hyperref)                removing `subscript' on input line 8.


Package hyperref Warning: Token not allowed in a PDF string (Unicode):
(hyperref)                removing `subscript' on input line 8.


Package hyperref Warning: Token not allowed in a PDF string (Unicode):
(hyperref)                removing `\gls' on input line 15.


Package hyperref Warning: Token not allowed in a PDF string (Unicode):
(hyperref)                removing `\gls' on input line 15.


Package hyperref Warning: Token not allowed in a PDF string (Unicode):
(hyperref)                removing `\cite ' on input line 15.


Package hyperref Warning: Token not allowed in a PDF string (Unicode):
(hyperref)                removing `subscript' on input line 15.

[55




]

Package hyperref Warning: Token not allowed in a PDF string (Unicode):
(hyperref)                removing `\gls' on input line 21.


Package hyperref Warning: Token not allowed in a PDF string (Unicode):
(hyperref)                removing `\gls' on input line 21.


Package hyperref Warning: Token not allowed in a PDF string (Unicode):
(hyperref)                removing `\cite ' on input line 21.


Package hyperref Warning: Token not allowed in a PDF string (Unicode):
(hyperref)                removing `subscript' on input line 21.


Package hyperref Warning: Token not allowed in a PDF string (Unicode):
(hyperref)                removing `\gls' on input line 27.


Package hyperref Warning: Token not allowed in a PDF string (Unicode):
(hyperref)                removing `\cite ' on input line 27.


Package hyperref Warning: Token not allowed in a PDF string (Unicode):
(hyperref)                removing `subscript' on input line 27.

[56] [57]
File: images/geogrid_mapa.png Graphic file (type bmp)
<images/geogrid_mapa.png>
File: images/geogrid_ceo.png Graphic file (type bmp)
<images/geogrid_ceo.png>
 [58] [59]
File: images/ozmap_mapa.png Graphic file (type bmp)
<images/ozmap_mapa.png>
File: images/ozmap_diagrama.png Graphic file (type bmp)
<images/ozmap_diagrama.png>
 [60]

Package hyperref Warning: Token not allowed in a PDF string (Unicode):
(hyperref)                removing `\gls' on input line 110.

File: images/planner_mapa.png Graphic file (type bmp)
<images/planner_mapa.png>

Overfull \hbox (1.56244pt too wide) in paragraph at lines 127--128
[]\TU/TeXGyreTermes(0)/m/n/12 Adicionalmente, a Figura [][]28[][] apresenta a v
isualização de fusões em caixas de emenda,
 []

File: images/planner_ceo.png Graphic file (type bmp)
<images/planner_ceo.png>
[61] [62]
Underfull \hbox (badness 1796) in paragraph at lines 172--172
[]|\TU/TeXGyreTermes(0)/m/n/10.95 Rezgui e Bourezg
 []


Underfull \hbox (badness 10000) in paragraph at lines 172--172
[]|\TU/TeXGyreTermes(0)/m/n/10.95 Planejamento FTTH
 []


Underfull \hbox (badness 10000) in paragraph at lines 172--172
[]|\TU/TeXGyreTermes(0)/m/n/10.95 Chakali et al.
 []


Underfull \hbox (badness 1320) in paragraph at lines 172--172
[]|\TU/TeXGyreTermes(0)/m/n/10.95 Gestão de rede com
 []


Underfull \hbox (badness 1132) in paragraph at lines 172--172
[]|\TU/TeXGyreTermes(0)/m/n/10.95 Visualização web da
 []


Underfull \hbox (badness 10000) in paragraph at lines 172--172
[]|\TU/TeXGyreTermes(0)/m/n/10.95 Não integra orça-
 []


Underfull \hbox (badness 10000) in paragraph at lines 172--172
[]|\TU/TeXGyreTermes(0)/m/n/10.95 Planejamento lógico
 []


Underfull \hbox (badness 3792) in paragraph at lines 172--172
\TU/TeXGyreTermes(0)/m/n/10.95 de redes PON com
 []


Underfull \hbox (badness 6445) in paragraph at lines 172--172
[]|\TU/TeXGyreTermes(0)/m/n/10.95 Integra visualização,
 []


Underfull \hbox (badness 10000) in paragraph at lines 192--192
[]|\TU/TeXGyreTermes(0)/m/n/10.95 Documentação de
 []


Underfull \hbox (badness 10000) in paragraph at lines 192--192
[]|\TU/TeXGyreTermes(0)/m/n/10.95 Mapeamento e
 []


Underfull \hbox (badness 10000) in paragraph at lines 192--192
\TU/TeXGyreTermes(0)/m/n/10.95 documentação geor-
 []


Underfull \hbox (badness 7433) in paragraph at lines 192--192
[]|\TU/TeXGyreTermes(0)/m/n/10.95 Foco cartográfico e
 []


Underfull \hbox (badness 2941) in paragraph at lines 192--192
[]|\TU/TeXGyreTermes(0)/m/n/10.95 Registro de elemen-
 []


Underfull \hbox (badness 2837) in paragraph at lines 192--192
[]|\TU/TeXGyreTermes(0)/m/n/10.95 Ausência de cálculo
 []


Underfull \hbox (badness 10000) in paragraph at lines 192--192
[]|\TU/TeXGyreTermes(0)/m/n/10.95 Planejamento lógico
 []


Underfull \hbox (badness 3792) in paragraph at lines 192--192
\TU/TeXGyreTermes(0)/m/n/10.95 de redes PON com
 []


Underfull \hbox (badness 6445) in paragraph at lines 192--192
[]|\TU/TeXGyreTermes(0)/m/n/10.95 Integra visualização,
 []


Underfull \hbox (badness 7326) in paragraph at lines 192--192
\TU/TeXGyreTermes(0)/m/n/10.95 em contexto acadê-
 []

[63]
File: images/diagrama_proposta.png Graphic file (type bmp)
<images/diagrama_proposta.png>
) [64] [65]
\openout2 = `conteudo/desenvolvimento.aux'.

 (./conteudo/desenvolvimento.tex
Cap\'{\i }tulo 5.
[66




] [67]
File: images/wireframe_interface.png Graphic file (type bmp)
<images/wireframe_interface.png>
 [68]
File: images/arquitetura_geral.png Graphic file (type bmp)
<images/arquitetura_geral.png>
 [69] [70]
Overfull \hbox (45.76082pt too wide) in paragraph at lines 112--113
[]\TU/TeXGyreTermes(0)/b/n/12 Serviços (\TU/TeXGyreTermes(0)/b/it/12 Services\T
U/TeXGyreTermes(0)/b/n/12 ): \TU/TeXGyreTermes(0)/m/n/12 Concentram a lógica de
 negócio do sistema. O serviço \TU/lmtt/m/n/12 calculo_optico.py
 []

File: images/diagrama_componentes.png Graphic file (type bmp)
<images/diagrama_componentes.png>
[71]
File: images/diagrama_implantacao.png Graphic file (type bmp)
<images/diagrama_implantacao.png>
 [72] [73] [74]
File: images/fluxo_calculo.png Graphic file (type bmp)
<images/fluxo_calculo.png>
 [75] [76]
Missing character: There is no ├ (U+251C) in font [lmmono12-regular]:!
Missing character: There is no ─ (U+2500) in font [lmmono12-regular]:!
Missing character: There is no ─ (U+2500) in font [lmmono12-regular]:!
Missing character: There is no └ (U+2514) in font [lmmono12-regular]:!
Missing character: There is no ─ (U+2500) in font [lmmono12-regular]:!
Missing character: There is no ─ (U+2500) in font [lmmono12-regular]:!
Missing character: There is no ├ (U+251C) in font [lmmono12-regular]:!
Missing character: There is no ─ (U+2500) in font [lmmono12-regular]:!
Missing character: There is no ─ (U+2500) in font [lmmono12-regular]:!
Missing character: There is no ├ (U+251C) in font [lmmono12-regular]:!
Missing character: There is no ─ (U+2500) in font [lmmono12-regular]:!
Missing character: There is no ─ (U+2500) in font [lmmono12-regular]:!
Missing character: There is no ├ (U+251C) in font [lmmono12-regular]:!
Missing character: There is no ─ (U+2500) in font [lmmono12-regular]:!
Missing character: There is no ─ (U+2500) in font [lmmono12-regular]:!
Missing character: There is no ├ (U+251C) in font [lmmono12-regular]:!
Missing character: There is no ─ (U+2500) in font [lmmono12-regular]:!
Missing character: There is no ─ (U+2500) in font [lmmono12-regular]:!
[77]
Missing character: There is no │ (U+2502) in font [lmmono12-regular]:!
Missing character: There is no ├ (U+251C) in font [lmmono12-regular]:!
Missing character: There is no ─ (U+2500) in font [lmmono12-regular]:!
Missing character: There is no ─ (U+2500) in font [lmmono12-regular]:!

Overfull \hbox (3.15576pt too wide) in paragraph at lines 304--304
[]    \TU/lmtt/m/n/12 │   ├── controllers/      # Controladores REST (calculo.p
y, projetos.py)[] 
 []

Missing character: There is no │ (U+2502) in font [lmmono12-regular]:!
Missing character: There is no ├ (U+251C) in font [lmmono12-regular]:!
Missing character: There is no ─ (U+2500) in font [lmmono12-regular]:!
Missing character: There is no ─ (U+2500) in font [lmmono12-regular]:!

Overfull \hbox (83.49571pt too wide) in paragraph at lines 305--305
[]    \TU/lmtt/m/n/12 │   ├── services/         # Regras de negócio (calculo_op
tico.py, projeto_service.py)[] 
 []

Missing character: There is no │ (U+2502) in font [lmmono12-regular]:!
Missing character: There is no └ (U+2514) in font [lmmono12-regular]:!
Missing character: There is no ─ (U+2500) in font [lmmono12-regular]:!
Missing character: There is no ─ (U+2500) in font [lmmono12-regular]:!
Missing character: There is no ├ (U+251C) in font [lmmono12-regular]:!
Missing character: There is no ─ (U+2500) in font [lmmono12-regular]:!
Missing character: There is no ─ (U+2500) in font [lmmono12-regular]:!
Missing character: There is no └ (U+2514) in font [lmmono12-regular]:!
Missing character: There is no ─ (U+2500) in font [lmmono12-regular]:!
Missing character: There is no ─ (U+2500) in font [lmmono12-regular]:!
[78]
Overfull \hbox (2.07579pt too wide) in paragraph at lines 346--346
[]    \TU/lmtt/m/n/12 tipo_splitter: Optional[str] = None  # "balanceado" ou "d
esbalanceado"[] 
 []


Overfull \hbox (30.45692pt too wide) in paragraph at lines 367--368
\TU/TeXGyreTermes(0)/m/n/12 exemplo, atributos como \TU/lmtt/m/n/12 potencia_tx
_dbm \TU/TeXGyreTermes(0)/m/n/12 são exclusivos da OLT, enquanto \TU/lmtt/m/n/1
2 razao_desbalanceada
 []

[79]
File: images/fluxo_percurso_grafo.png Graphic file (type bmp)
<images/fluxo_percurso_grafo.png>
 [80]
Overfull \hbox (100.95586pt too wide) in paragraph at lines 392--392
[]\TU/lmtt/m/n/12 from app.models.constants import PERDAS_SPLITTER_BALANCEADO, 
PERDAS_SPLITTER_DESBALANCEADO[] 
 []


Overfull \hbox (20.61575pt too wide) in paragraph at lines 397--397
[]    \TU/lmtt/m/n/12 # Mapeia as conexões de saída: id_origem -> lista de (enl
ace, id_destino)[] 
 []


Overfull \hbox (8.2558pt too wide) in paragraph at lines 398--398
[]    \TU/lmtt/m/n/12 adjacencias: Dict[str, List[tuple]] = {no.id: [] for no i
n projeto.nos}[] 
 []


Overfull \hbox (20.6158pt too wide) in paragraph at lines 401--401
[]            \TU/lmtt/m/n/12 adjacencias[enlace.id_origem].append((enlace, enl
ace.id_destino))[] 
 []


Overfull \hbox (39.15578pt too wide) in paragraph at lines 406--406
[]        \TU/lmtt/m/n/12 raise ValueError("A topologia não possui uma OLT cada
strada como raiz.")[] 
 []


Overfull \hbox (76.23581pt too wide) in paragraph at lines 408--408
[]    \TU/lmtt/m/n/12 potencia_inicial = olt.potencia_tx_dbm if olt.potencia_tx
_dbm is not None else 5.0[] 
 []

[81]
Overfull \hbox (113.31577pt too wide) in paragraph at lines 439--439
[]            \TU/lmtt/m/n/12 elif potencia_apos_no >= (sensibilidade + projeto
.parametros.margem_sistema_db):[] 
 []


Overfull \hbox (20.61572pt too wide) in paragraph at lines 450--450
[]        \TU/lmtt/m/n/12 # Propaga o sinal para os nós sucessores através dos 
enlaces de fibra[] 
 []


Overfull \hbox (26.79576pt too wide) in paragraph at lines 454--454
[]            \TU/lmtt/m/n/12 perda_conexoes = enlace.num_conexoes * enlace.per
da_por_conexao_db[] 
 []

[82]
Overfull \hbox (63.87576pt too wide) in paragraph at lines 477--477
[]        \TU/lmtt/m/n/12 return PERDAS_SPLITTER_BALANCEADO.get(razao, 10.0 * m
ath.log10(razao) + 0.5)[] 
 []


Overfull \hbox (63.8758pt too wide) in paragraph at lines 480--480
[]        \TU/lmtt/m/n/12 return PERDAS_SPLITTER_DESBALANCEADO.get(razao_str, {
}).get("passagem", 1.5)[] 
 []

[83]
Overfull \hbox (11.6284pt too wide) in paragraph at lines 507--508
[]\TU/TeXGyreTermes(0)/m/n/12 Já a persistência dos arquivos []  [][]JSON[][] n
o disco é realizada pelo serviço \TU/lmtt/m/n/12 ProjetoService
 []


Overfull \hbox (45.33586pt too wide) in paragraph at lines 515--515
[]\TU/lmtt/m/n/12 CAMINHO_PROJETOS = os.path.join(os.path.dirname(__file__), ".
./../data/projects")[] 
 []

[84]
File: images/estrutura_d3_canvas.png Graphic file (type bmp)
<images/estrutura_d3_canvas.png>
 [85]
Overfull \hbox (119.49571pt too wide) in paragraph at lines 599--599
[]    \TU/lmtt/m/n/12 .text(d => `${d.nome} ${d.potencia_rx ? '(' + d.potencia_
rx.toFixed(2) + ' dBm)' : ''}`);[] 
 []

[86]
Overfull \hbox (57.69583pt too wide) in paragraph at lines 615--615
[]    \TU/lmtt/m/n/12 d3.select(this).attr("transform", `translate(${d.posicao.
x}, ${d.posicao.y})`);[] 
 []


Overfull \hbox (2.07579pt too wide) in paragraph at lines 634--634
[]            \TU/lmtt/m/n/12 throw new Error(`Erro na requisição: ${response.s
tatusText}`);[] 
 []

[87]) [88]
\openout2 = `conteudo/conclusao.aux'.

 (./conteudo/conclusao.tex
Cap\'{\i }tulo 6.
) [89




] (./main.bbl (./main.brf)
\tf@brf=\write8
\openout8 = `main.brf'.



Package hyperref Warning: Token not allowed in a PDF string (Unicode):
(hyperref)                removing `\indent' on input line 3.


Package hyperref Warning: Token not allowed in a PDF string (Unicode):
(hyperref)                removing `\uppercase' on input line 3.

bibitemlist
[90



] [91]) [92]
\tf@lof=\write9
\openout9 = `main.lof'.

\tf@toc=\write10
\openout10 = `main.toc'.

 
enddocument/afterlastpage (AED): lastpage setting LastPage.
(./main.aux (./pretextuais/folhadeaprovacao.aux) (./pretextuais/dedicatoria.aux
) (./pretextuais/agradecimentos.aux) (./pretextuais/resumo.aux)
(./pretextuais/acronimos.aux) (./conteudo/introducao.aux)
(./conteudo/fundamentacao.aux) (./conteudo/metodologia.aux)
(./conteudo/trabalhoscorrelatos.aux) (./conteudo/desenvolvimento.aux)
(./conteudo/conclusao.aux))
 ***********
LaTeX2e <2026-06-01>
L3 programming layer <2020/03/25>
 ***********


LaTeX Warning: Label(s) may have changed. Rerun to get cross-references right.


Package rerunfilecheck Warning: File `main.brf' has changed.
(rerunfilecheck)                Rerun to get bibliographical references right.

Package rerunfilecheck Info: Checksums for `main.brf':
(rerunfilecheck)             Before: 1A8592189DB7BA5AEE4059A23C2C2A97;10368
(rerunfilecheck)             After:  4DA3FB42CD52484195775106B3FDBC6F;10368.
 ) 
Here is how much of TeX's memory you used:
 29531 strings out of 467745
 599692 string characters out of 5422257
 1307196 words of memory out of 5000000
 58159 multiletter control sequences out of 15000+600000
 636205 words of font info for 102 fonts, out of 8000000 for 9000
 1348 hyphenation exceptions out of 8191
 113i,13n,121p,2510b,666s stack positions out of 10000i,1000n,20000p,200000b,200000s

Output written on main.pdf (93 pages).
